
> app-temp@0.1.0 build
> next build

Ôû▓ Next.js 16.1.6 (Turbopack)
- Environments: .env

npm : ÔÜá The 
"middleware" file 
convention is 
deprecated. Please use 
"proxy" instead. Learn 
more: https://nextjs.or
g/docs/messages/middlew
are-to-proxy
En línea: 1 Carácter: 1
+ npm run build 2>&1 > 
build_error.log
+ ~~~~~~~~~~~~~~~~~~~~~
~~~~~~~~~~~~~~~
    + CategoryInfo     
         : NotSpecifi  
  ed: (ÔÜá The "midd   
 le...leware-to-pro    
xy:String) [], Rem    
oteException
    + FullyQualifiedEr 
   rorId : NativeComm  
  andError
 
  Creating an optimized production build ...
Ô£ô Compiled successfully in 19.9s
  Running TypeScript ...
  Collecting page data using 7 workers ...
  Generating static pages using 7 workers (0/13) ...
  Generating static pages using 7 workers (3/13) 
  Generating static pages using 7 workers (6/13) 
  Generating static pages using 7 workers (9/13) 
Ô£ô Generating static pages using 7 workers (13/13) in 1296.4ms
  Finalizing page optimization ...

Route (app)
Ôöî Ôùï /
Ôö£ Ôùï /_not-found
Ôö£ Ôùï /analytics
Ôö£ ãÆ /api/auth/[...nextauth]
Ôö£ ãÆ /api/diagnostic
Ôö£ ãÆ /api/trpc/[trpc]
Ôö£ Ôùï /budgets
Ôö£ Ôùï /expenses
Ôö£ Ôùï /extraordinary
Ôö£ Ôùï /income
Ôö£ Ôùï /login
Ôö£ Ôùï /register
Ôöö Ôùï /savings


ãÆ Proxy (Middleware)

Ôùï  (Static)   prerendered as static content
ãÆ  (Dynamic)  server-rendered on demand

